Lo que ustedes quieran

cualquier otra cosa a este archivo


Juan@DESKTOP-BCDNTOG MINGW64 ~/Desktop (main)
$ git config --global user.name "Santiago Villa"

Juan@DESKTOP-BCDNTOG MINGW64 ~/Desktop (main)
$ Git config --Global user.email "santiagovillapanesso1@gmail.com"
error: unknown option `Global'
usage: git config [<options>]

Config file location
    --global              use global config file
    --system              use system config file
    --local               use repository config file
    --worktree            use per-worktree config file
    -f, --file <file>     use given config file
    --blob <blob-id>      read config from given blob object

Action
    --get                 get value: name [value-pattern]
    --get-all             get all values: key [value-pattern]
    --get-regexp          get values for regexp: name-regex [value-pattern]
    --get-urlmatch        get value specific for the URL: section[.var] URL
    --replace-all         replace all matching variables: name value [value-pattern]
    --add                 add a new variable: name value
    --unset               remove a variable: name [value-pattern]
    --unset-all           remove all matches: name [value-pattern]
    --rename-section      rename section: old-name new-name
    --remove-section      remove a section: name
    -l, --list            list all
    --fixed-value         use string equality when comparing values to 'value-pattern'
    -e, --edit            open an editor
    --get-color           find the color configured: slot [default]
    --get-colorbool       find the color setting: slot [stdout-is-tty]

Type
    -t, --type <type>     value is given this type
    --bool                value is "true" or "false"
    --int                 value is decimal number
    --bool-or-int         value is --bool or --int
    --bool-or-str         value is --bool or string
    --path                value is a path (file or directory name)
    --expiry-date         value is an expiry date

Other
    -z, --null            terminate values with NUL byte
    --name-only           show variable names only
    --includes            respect include directives on lookup
    --show-origin         show origin of config (file, standard input, blob, command line)
    --show-scope          show scope of config (worktree, local, global, system, command)
    --default <value>     with --get, use default value when missing entry


Juan@DESKTOP-BCDNTOG MINGW64 ~/Desktop (main)
$ Git config --global user.email "santiagovillapanesso1@gmail.com"

Juan@DESKTOP-BCDNTOG MINGW64 ~/Desktop (main)
$ git config --list
diff.astextplain.textconv=astextplain
filter.lfs.clean=git-lfs clean -- %f
filter.lfs.smudge=git-lfs smudge -- %f
filter.lfs.process=git-lfs filter-process
filter.lfs.required=true
http.sslbackend=openssl
http.sslcainfo=C:/Program Files/Git/mingw64/etc/ssl/certs/ca-bundle.crt
core.autocrlf=true
core.fscache=true
core.symlinks=false
pull.rebase=false
credential.helper=manager
credential.https://dev.azure.com.usehttppath=true
init.defaultbranch=master
core.editor=code--wait
core.auticrlf=True
user.name=Santiago Villa
user.email=santiagovillapanesso1@gmail.com
core.repositoryformatversion=0
core.filemode=false
core.bare=false
core.logallrefupdates=true
core.symlinks=false
core.ignorecase=true
remote.origin.url=https://github.com/S12-Chawis/ejemplo-1.git
remote.origin.fetch=+refs/heads/*:refs/remotes/origin/*

Juan@DESKTOP-BCDNTOG MINGW64 ~/Desktop (main)
$ core .
bash: core: command not found

Juan@DESKTOP-BCDNTOG MINGW64 ~/Desktop (main)
$ core .
bash: core: command not found

Juan@DESKTOP-BCDNTOG MINGW64 ~/Desktop (main)
$ code .

Juan@DESKTOP-BCDNTOG MINGW64 ~/Desktop (main)
$ pwd
/c/Users/Juan/Desktop

Juan@DESKTOP-BCDNTOG MINGW64 ~/Desktop (main)
$ cd Clase viernes
bash: cd: too many arguments

Juan@DESKTOP-BCDNTOG MINGW64 ~/Desktop (main)
$ cd "Clase viernes"

Juan@DESKTOP-BCDNTOG MINGW64 ~/Desktop/Clase viernes (master)
$ pwd
/c/Users/Juan/Desktop/Clase viernes

Juan@DESKTOP-BCDNTOG MINGW64 ~/Desktop/Clase viernes (master)
$ cd ..

Juan@DESKTOP-BCDNTOG MINGW64 ~/Desktop (main)
$ cd ..

Juan@DESKTOP-BCDNTOG MINGW64 ~
$ ls
 -1.14-windows.xml       Desktop/          'Menú Inicio'@                                                                                  OneDrive/       Videos/
'3D Objects'/            Documents/        'Mis documentos'@                                                                               Pictures/       ntuser.dat.LOG1
 AppData/                Downloads/         Music/                                                                                         Plantillas@     ntuser.dat.LOG2
'Configuración local'@  'Entorno de red'@   NTUSER.DAT                                                                                     Reciente@       ntuser.ini
 Contacts/               Favorites/         NTUSER.DAT{53b39e88-18c4-11ea-a811-000d3aa4692b}.TM.blf                                       'Saved Games'/
 Cookies@                Impresoras@        NTUSER.DAT{53b39e88-18c4-11ea-a811-000d3aa4692b}.TMContainer00000000000000000001.regtrans-ms   Searches/
'Datos de programa'@     Links/             NTUSER.DAT{53b39e88-18c4-11ea-a811-000d3aa4692b}.TMContainer00000000000000000002.regtrans-ms   SendTo@

Juan@DESKTOP-BCDNTOG MINGW64 ~
$ cd Links

Juan@DESKTOP-BCDNTOG MINGW64 ~/Links
$ ls
Desktop.lnk*  Downloads.lnk*  desktop.ini

Juan@DESKTOP-BCDNTOG MINGW64 ~/Links
$ cd --

Juan@DESKTOP-BCDNTOG MINGW64 ~
$ ls
 -1.14-windows.xml       Desktop/          'Menú Inicio'@                                                                                  OneDrive/       Videos/
'3D Objects'/            Documents/        'Mis documentos'@                                                                               Pictures/       ntuser.dat.LOG1
 AppData/                Downloads/         Music/                                                                                         Plantillas@     ntuser.dat.LOG2
'Configuración local'@  'Entorno de red'@   NTUSER.DAT                                                                                     Reciente@       ntuser.ini
 Contacts/               Favorites/         NTUSER.DAT{53b39e88-18c4-11ea-a811-000d3aa4692b}.TM.blf                                       'Saved Games'/
 Cookies@                Impresoras@        NTUSER.DAT{53b39e88-18c4-11ea-a811-000d3aa4692b}.TMContainer00000000000000000001.regtrans-ms   Searches/
'Datos de programa'@     Links/             NTUSER.DAT{53b39e88-18c4-11ea-a811-000d3aa4692b}.TMContainer00000000000000000002.regtrans-ms   SendTo@

Juan@DESKTOP-BCDNTOG MINGW64 ~
$ cd Desktop

Juan@DESKTOP-BCDNTOG MINGW64 ~/Desktop (main)
$ mkdir santi

Juan@DESKTOP-BCDNTOG MINGW64 ~/Desktop (main)
$ ls
 Album_examplo.zip   Disney+.lnk*                   'Ejercicios JavaScript'/    'Nicolas Villa.zip'              S12-Chawis/       'Web 1 Ejercicio'/               ejemplo-1/
'Barber pues 2'/    'Ejercicio en JavaScripst.txt'  'Examen en JavaScript.txt'  'Pagina de boostrap'/           'Ultimo intento'/  'concesionario incomplete.txt'   santi/
'Clase viernes'/    'Ejercicio en JavaScript'/      'Nicolas Villa'/            'Prime Video for Windows.lnk'*   Visual_Code/       desktop.ini                    'web1 clase'/

Juan@DESKTOP-BCDNTOG MINGW64 ~/Desktop (main)
$ cd santi

Juan@DESKTOP-BCDNTOG MINGW64 ~/Desktop/santi (main)
$ git init
Initialized empty Git repository in C:/Users/Juan/Desktop/santi/.git/

Juan@DESKTOP-BCDNTOG MINGW64 ~/Desktop/santi (master)
$ usar code
bash: usar: command not found

Juan@DESKTOP-BCDNTOG MINGW64 ~/Desktop/santi (master)
$ code .

Juan@DESKTOP-BCDNTOG MINGW64 ~/Desktop/santi (master)
$ git status
On branch master

No commits yet

Untracked files:
  (use "git add <file>..." to include in what will be committed)
        codigo1.txt

nothing added to commit but untracked files present (use "git add" to track)

Juan@DESKTOP-BCDNTOG MINGW64 ~/Desktop/santi (master)
$ git add .

Juan@DESKTOP-BCDNTOG MINGW64 ~/Desktop/santi (master)
$ git status
On branch master

No commits yet

Changes to be committed:
  (use "git rm --cached <file>..." to unstage)
        new file:   codigo1.txt


Juan@DESKTOP-BCDNTOG MINGW64 ~/Desktop/santi (master)
$ git status
On branch master

No commits yet

Changes to be committed:
  (use "git rm --cached <file>..." to unstage)
        new file:   codigo1.txt

Changes not staged for commit:
  (use "git add <file>..." to update what will be committed)
  (use "git restore <file>..." to discard changes in working directory)
        modified:   codigo1.txt


Juan@DESKTOP-BCDNTOG MINGW64 ~/Desktop/santi (master)
$ status
bash: status: command not found

Juan@DESKTOP-BCDNTOG MINGW64 ~/Desktop/santi (master)
$ git status
On branch master

No commits yet

Changes to be committed:
  (use "git rm --cached <file>..." to unstage)
        new file:   codigo1.txt

Changes not staged for commit:
  (use "git add <file>..." to update what will be committed)
  (use "git restore <file>..." to discard changes in working directory)
        modified:   codigo1.txt

Untracked files:
  (use "git add <file>..." to include in what will be committed)
        codigo2.tx


Juan@DESKTOP-BCDNTOG MINGW64 ~/Desktop/santi (master)
$ git add .

Juan@DESKTOP-BCDNTOG MINGW64 ~/Desktop/santi (master)
$ git status
On branch master

No commits yet

Changes to be committed:
  (use "git rm --cached <file>..." to unstage)
        new file:   codigo1.txt
        new file:   codigo2.tx


Juan@DESKTOP-BCDNTOG MINGW64 ~/Desktop/santi (master)
$ git commit -m
error: switch `m' requires a value

Juan@DESKTOP-BCDNTOG MINGW64 ~/Desktop/santi (master)
$ git commit -m "Changes have been made to the first txt, added new text"
[master (root-commit) 9ad3c02] Changes have been made to the first txt, added new text
 2 files changed, 3 insertions(+)
 create mode 100644 codigo1.txt
 create mode 100644 codigo2.tx

Juan@DESKTOP-BCDNTOG MINGW64 ~/Desktop/santi (master)
$ git add codigo2.txt
fatal: pathspec 'codigo2.txt' did not match any files

Juan@DESKTOP-BCDNTOG MINGW64 ~/Desktop/santi (master)
$ git add "codigo2.txt"
fatal: pathspec 'codigo2.txt' did not match any files

Juan@DESKTOP-BCDNTOG MINGW64 ~/Desktop/santi (master)
$ git add txt
fatal: pathspec 'txt' did not match any files

Juan@DESKTOP-BCDNTOG MINGW64 ~/Desktop/santi (master)
$ git add *txt

Juan@DESKTOP-BCDNTOG MINGW64 ~/Desktop/santi (master)
$ git status
On branch master
Changes not staged for commit:
  (use "git add <file>..." to update what will be committed)
  (use "git restore <file>..." to discard changes in working directory)
        modified:   codigo2.tx

no changes added to commit (use "git add" and/or "git commit -a")

Juan@DESKTOP-BCDNTOG MINGW64 ~/Desktop/santi (master)
$ git add .

Juan@DESKTOP-BCDNTOG MINGW64 ~/Desktop/santi (master)
$ git status
On branch master
Changes to be committed:
  (use "git restore --staged <file>..." to unstage)
        modified:   codigo2.tx


Juan@DESKTOP-BCDNTOG MINGW64 ~/Desktop/santi (master)
$ git commit
hint: Waiting for your editor to close the file... error: cannot spawn code--wait: No such file or directory
error: unable to start editor 'code--wait'
Please supply the message using either -m or -F option.

Juan@DESKTOP-BCDNTOG MINGW64 ~/Desktop/santi (master)
$ git commit
hint: Waiting for your editor to close the file... error: cannot spawn code--wait: No such file or directory
error: unable to start editor 'code--wait'
Please supply the message using either -m or -F option.

Juan@DESKTOP-BCDNTOG MINGW64 ~/Desktop/santi (master)
$ git commit -m "This is the first change to the second txt, new line added"
[master b5dc732] This is the first change to the second txt, new line added
 1 file changed, 3 insertions(+), 1 deletion(-)

Juan@DESKTOP-BCDNTOG MINGW64 ~/Desktop/santi (master)
$ rm codigo2.txt
rm: cannot remove 'codigo2.txt': No such file or directory

Juan@DESKTOP-BCDNTOG MINGW64 ~/Desktop/santi (master)
$ codigo2.tx
bash: codigo2.tx: command not found

Juan@DESKTOP-BCDNTOG MINGW64 ~/Desktop/santi (master)
$ rm codigo2.tx

Juan@DESKTOP-BCDNTOG MINGW64 ~/Desktop/santi (master)
$ git status
On branch master
Changes not staged for commit:
  (use "git add/rm <file>..." to update what will be committed)
  (use "git restore <file>..." to discard changes in working directory)
        deleted:    codigo2.tx

no changes added to commit (use "git add" and/or "git commit -a")

Juan@DESKTOP-BCDNTOG MINGW64 ~/Desktop/santi (master)
$ git restore codigo2.tx

Juan@DESKTOP-BCDNTOG MINGW64 ~/Desktop/santi (master)
$ git status
On branch master
nothing to commit, working tree clean

Juan@DESKTOP-BCDNTOG MINGW64 ~/Desktop/santi (master)
$ rm codigo2.tx

Juan@DESKTOP-BCDNTOG MINGW64 ~/Desktop/santi (master)
$ git status
On branch master
Changes not staged for commit:
  (use "git add/rm <file>..." to update what will be committed)
  (use "git restore <file>..." to discard changes in working directory)
        deleted:    codigo2.tx

no changes added to commit (use "git add" and/or "git commit -a")

Juan@DESKTOP-BCDNTOG MINGW64 ~/Desktop/santi (master)
$ git add .

Juan@DESKTOP-BCDNTOG MINGW64 ~/Desktop/santi (master)
$ git status
On branch master
Changes to be committed:
  (use "git restore --staged <file>..." to unstage)
        deleted:    codigo2.tx


Juan@DESKTOP-BCDNTOG MINGW64 ~/Desktop/santi (master)
$ git commit -m "File has been deleted, my bad :C"
[master 1736226] File has been deleted, my bad :C
 1 file changed, 3 deletions(-)
 delete mode 100644 codigo2.tx

Juan@DESKTOP-BCDNTOG MINGW64 ~/Desktop/santi (master)
$ git status
On branch master
nothing to commit, working tree clean

Juan@DESKTOP-BCDNTOG MINGW64 ~/Desktop/santi (master)
$ git add .

Juan@DESKTOP-BCDNTOG MINGW64 ~/Desktop/santi (master)
$ git status
On branch master
nothing to commit, working tree clean

Juan@DESKTOP-BCDNTOG MINGW64 ~/Desktop/santi (master)
$ mv codigo1.txt archivouno.txt

Juan@DESKTOP-BCDNTOG MINGW64 ~/Desktop/santi (master)
$ git status
On branch master
Changes not staged for commit:
  (use "git add/rm <file>..." to update what will be committed)
  (use "git restore <file>..." to discard changes in working directory)
        deleted:    codigo1.txt

Untracked files:
  (use "git add <file>..." to include in what will be committed)
        archivouno.txt

no changes added to commit (use "git add" and/or "git commit -a")

Juan@DESKTOP-BCDNTOG MINGW64 ~/Desktop/santi (master)
$ git add .

Juan@DESKTOP-BCDNTOG MINGW64 ~/Desktop/santi (master)
$ git status
On branch master
Changes to be committed:
  (use "git restore --staged <file>..." to unstage)
        renamed:    codigo1.txt -> archivouno.txt


Juan@DESKTOP-BCDNTOG MINGW64 ~/Desktop/santi (master)
$ git commit -m "Flie's name has been changed"
[master ab1a94a] Flie's name has been changed
 1 file changed, 0 insertions(+), 0 deletions(-)
 rename codigo1.txt => archivouno.txt (100%)

Juan@DESKTOP-BCDNTOG MINGW64 ~/Desktop/santi (master)
$ git status
On branch master
Untracked files:
  (use "git add <file>..." to include in what will be committed)
        privado.txt

nothing added to commit but untracked files present (use "git add" to track)

Juan@DESKTOP-BCDNTOG MINGW64 ~/Desktop/santi (master)
$ git status
On branch master
Untracked files:
  (use "git add <file>..." to include in what will be committed)
        .gitignore

nothing added to commit but untracked files present (use "git add" to track)

Juan@DESKTOP-BCDNTOG MINGW64 ~/Desktop/santi (master)
$ git add .gitignore

Juan@DESKTOP-BCDNTOG MINGW64 ~/Desktop/santi (master)
$ git status
On branch master
Changes to be committed:
  (use "git restore --staged <file>..." to unstage)
        new file:   .gitignore


Juan@DESKTOP-BCDNTOG MINGW64 ~/Desktop/santi (master)
$ git add archivo2.txt

Juan@DESKTOP-BCDNTOG MINGW64 ~/Desktop/santi (master)
$ git status
On branch master
Changes to be committed:
  (use "git restore --staged <file>..." to unstage)
        new file:   .gitignore
        new file:   archivo2.txt


Juan@DESKTOP-BCDNTOG MINGW64 ~/Desktop/santi (master)
$ git diff
diff --git a/archivo2.txt b/archivo2.txt
index bccab64..cb8cbef 100644
--- a/archivo2.txt
+++ b/archivo2.txt
@@ -1 +1,3 @@
-Lo que ustedes quieran
\ No newline at end of file
+Lo que ustedes quieran
+
+cualquier otra cosa a este archivo
\ No newline at end of file

Juan@DESKTOP-BCDNTOG MINGW64 ~/Desktop/santi (master)
$ git long
git: 'long' is not a git command. See 'git --help'.

The most similar commands are
        clone
        log

Juan@DESKTOP-BCDNTOG MINGW64 ~/Desktop/santi (master)
$ git log
commit ab1a94acddec5bc074ff6430437b643d47fa94bd (HEAD -> master)
Author: Santiago Villa <santiagovillapanesso1@gmail.com>
Date:   Fri Jul 7 08:17:45 2023 -0500

    Flie's name has been changed

commit 1736226bc3afaaf7aef63f5dd5d9e24d9b93e884
Author: Santiago Villa <santiagovillapanesso1@gmail.com>
Date:   Fri Jul 7 08:11:52 2023 -0500

    File has been deleted, my bad :C

commit b5dc732fdcd7223186a13d559cee5c87d4720f6c
Author: Santiago Villa <santiagovillapanesso1@gmail.com>
Date:   Fri Jul 7 08:00:04 2023 -0500

    This is the first change to the second txt, new line added

commit 9ad3c02ec6aee9046c2793bbec9c760d074d66b3
Author: Santiago Villa <santiagovillapanesso1@gmail.com>
Date:   Fri Jul 7 07:52:30 2023 -0500

    Changes have been made to the first txt, added new text



Juan@DESKTOP-BCDNTOG MINGW64 ~/Desktop/santi (master)
$ git log --oneline
ab1a94a (HEAD -> master) Flie's name has been changed
1736226 File has been deleted, my bad :C
b5dc732 This is the first change to the second txt, new line added
9ad3c02 Changes have been made to the first txt, added new text

<<<<<<< HEAD
=======
modificacion again
>>>>>>> rama2
